---
source: tests/tests/integration_tests/transaction_tests.rs
assertion_line: 168
expression: parsed_transaction
---
[]
