---
source: tests/tests/integration_tests/transaction_tests.rs
assertion_line: 95
expression: parsed_transaction
---
{
  "total": 0,
  "limit": 1000,
  "page": 1,
  "items": []
}
